<html>
<head>
<title>test</title>
1st callback: successful
2nd callback: successful
...blank line...
</head>
<body>
created by matt harrison
</body>
</html>
