<html>
[ infinite recursion between vars: GNU ] is not unix is not unix
</html>
