<p>there should be an unordered list below...</p>
<ul>
<li>alpha
<li>beta
<li>gamma
<li>delta
<li>epsilon
</ul>
<p>the end</p>