<html>
<head>
<title>test</title>
</head>
<body>

<!-- FIRST ITERATION -->
<p>TEST: Test</p>
<p>TEST_ALPHA: Alpha</p>
<p>TEST_BETA: Beta</p>
<p>TEST_GAMMA: Gamma</p>

<!-- SECOND ITERATION -->
<p>TEST: Test</p>
<p>TEST_ALPHA: Alpha</p>
<p>TEST_BETA: Beta</p>
<p>TEST_GAMMA: Gamma</p>

<!-- SET ITERATION -->
<p>SET: Set</p>
<p>SET_TEST_ALPHA: Set Test Alpha</p>
<p>SET_TEST_BETA: Set Test Beta</p>
<p>SET_TEST_GAMMA: Set Test Gamma</p>

<!-- INCLUDE ITERATION -->
<p>INCLUDE: Include</p>
<p>INCLUDE_PATH: t/templates/include.tmpl</p>
<p>INCLUDE(INCLUDE_PATH): Included</p>
<p>INCLUDE(t/templates/include.tmpl): Included</p>
<p>INCLUDE(t/templates/include2.tmpl): Included Included</p>

</body>
</html>
